#-----------------------------------------------------------
# Vivado v2022.2 (64-bit)
# SW Build 3671981 on Fri Oct 14 05:00:03 MDT 2022
# IP Build 3669848 on Fri Oct 14 08:30:02 MDT 2022
# Start of session at: Mon Jun 16 14:11:19 2025
# Process ID: 8504
# Current directory: C:/Proyecto_TFG/TFG/prj/Proyecto_TFG_V1
# Command line: vivado.exe -gui_launcher_event rodinguilauncherevent5588 C:\Proyecto_TFG\TFG\prj\Proyecto_TFG_V1\Proyecto_TFG.xpr
# Log file: C:/Proyecto_TFG/TFG/prj/Proyecto_TFG_V1/vivado.log
# Journal file: C:/Proyecto_TFG/TFG/prj/Proyecto_TFG_V1\vivado.jou
# Running On: DESKTOP-VKHET3S, OS: Windows, CPU Frequency: 2592 MHz, CPU Physical cores: 6, Host memory: 17086 MB
#-----------------------------------------------------------
start_gui
open_project C:/Proyecto_TFG/TFG/prj/Proyecto_TFG_V1/Proyecto_TFG.xpr
uupdate_compile_order -fileset sources_1llaunch_simulation
ource Serial_Communications_tb.tcl
relaunch_sim
save_wave_config {C:/Proyecto_TFG/TFG/prj/Proyecto_TFG_V1/Serial_Communications_tb_behav.wcfg}
add_files -fileset sim_1 -norecurse C:/Proyecto_TFG/TFG/prj/Proyecto_TFG_V1/Serial_Communications_tb_behav.wcfg
set_property xsim.view C:/Proyecto_TFG/TFG/prj/Proyecto_TFG_V1/Serial_Communications_tb_behav.wcfg [get_filesets sim_1]
close_sim
launch_simulation
open_wave_config C:/Proyecto_TFG/TFG/prj/Proyecto_TFG_V1/Serial_Communications_tb_behav.wcfg
source Serial_Communications_tb.tcl
close_sim
