#-----------------------------------------------------------
# Vivado v2022.2 (64-bit)
# SW Build 3671981 on Fri Oct 14 05:00:03 MDT 2022
# IP Build 3669848 on Fri Oct 14 08:30:02 MDT 2022
# Start of session at: Mon Jun 16 02:11:09 2025
# Process ID: 27744
# Current directory: C:/Proyecto_TFG/TFG/prj/Proyecto_TFG_V1
# Command line: vivado.exe -gui_launcher_event rodinguilauncherevent36764 C:\Proyecto_TFG\TFG\prj\Proyecto_TFG_V1\Proyecto_TFG.xpr
# Log file: C:/Proyecto_TFG/TFG/prj/Proyecto_TFG_V1/vivado.log
# Journal file: C:/Proyecto_TFG/TFG/prj/Proyecto_TFG_V1\vivado.jou
# Running On: DESKTOP-VKHET3S, OS: Windows, CPU Frequency: 2592 MHz, CPU Physical cores: 6, Host memory: 17086 MB
#-----------------------------------------------------------
start_gui
open_project C:/Proyecto_TFG/TFG/prj/Proyecto_TFG_V1/Proyecto_TFG.xpr
update_compile_order -fileset sources_1
# Disabling source management mode.  This is to allow the top design properties to be set without GUI intervention.
set_property source_mgmt_mode None [current_project]
set_property top Serial_Communications [current_fileset]
# Re-enabling previously disabled source management mode.
set_property source_mgmt_mode All [current_project]
update_compile_order -fileset sources_1
launch_simulation
source Serial_Communications_tb.tcl
set_property -name {xsim.simulate.runtime} -value {100ms} -objects [get_filesets sim_1]
close_sim
launch_simulation
source Serial_Communications_tb.tcl
set_property -name {xsim.simulate.runtime} -value {50us} -objects [get_filesets sim_1]
close_sim
launch_simulation
source Serial_Communications_tb.tcl
add_bp {C:/Proyecto_TFG/TFG/src/Serial_Comunications.vhd} 109
remove_bps -file {C:/Proyecto_TFG/TFG/src/Serial_Comunications.vhd} -line 109
add_bp {C:/Proyecto_TFG/TFG/src/Serial_Comunications.vhd} 109
remove_bps -file {C:/Proyecto_TFG/TFG/src/Serial_Comunications.vhd} -line 109
add_bp {C:/Proyecto_TFG/TFG/src/Serial_Comunications.vhd} 109
remove_bps -file {C:/Proyecto_TFG/TFG/src/Serial_Comunications.vhd} -line 109
close_sim
