#-----------------------------------------------------------
# Vivado v2022.2 (64-bit)
# SW Build 3671981 on Fri Oct 14 05:00:03 MDT 2022
# IP Build 3669848 on Fri Oct 14 08:30:02 MDT 2022
# Start of session at: Fri Apr 11 11:08:26 2025
# Process ID: 46268
# Current directory: C:/Proyecto_TFG/TFG/prj/Proyecto_TFG_V2/Proyecto_TFG_V2
# Command line: vivado.exe -gui_launcher_event rodinguilauncherevent30524 C:\Proyecto_TFG\TFG\prj\Proyecto_TFG_V2\Proyecto_TFG_V2\Proyecto_TFG_V2.xpr
# Log file: C:/Proyecto_TFG/TFG/prj/Proyecto_TFG_V2/Proyecto_TFG_V2/vivado.log
# Journal file: C:/Proyecto_TFG/TFG/prj/Proyecto_TFG_V2/Proyecto_TFG_V2\vivado.jou
# Running On: DESKTOP-VKHET3S, OS: Windows, CPU Frequency: 2592 MHz, CPU Physical cores: 6, Host memory: 17086 MB
#-----------------------------------------------------------
start_gui
open_project C:/Proyecto_TFG/TFG/prj/Proyecto_TFG_V2/Proyecto_TFG_V2/Proyecto_TFG_V2.xpr
update_compile_order -fileset sources_1
launch_simulation
source Serial_Communications_tb.tcl
current_wave_config {Untitled 1}
add_wave {{/Serial_Communications_tb/prueba/address}} {{/Serial_Communications_tb/prueba/instruction}} {{/Serial_Communications_tb/prueba/data_down}} {{/Serial_Communications_tb/prueba/enable_down}} {{/Serial_Communications_tb/prueba/busy}} {{/Serial_Communications_tb/prueba/data_up}} {{/Serial_Communications_tb/prueba/enable_up}} {{/Serial_Communications_tb/prueba/cs}} {{/Serial_Communications_tb/prueba/sclk}} {{/Serial_Communications_tb/prueba/mosi}} {{/Serial_Communications_tb/prueba/miso}} 
current_wave_config {Untitled 1}
add_wave {{/Serial_Communications_tb/prueba/cr_reg}} {{/Serial_Communications_tb/prueba/br_reg}} {{/Serial_Communications_tb/prueba/dr_reg}} {{/Serial_Communications_tb/prueba/fr_reg}} 
save_wave_config {C:/Proyecto_TFG/TFG/prj/Proyecto_TFG_V2/Proyecto_TFG_V2/Serial_Communications_tb_behav.wcfg}
add_files -fileset sim_1 -norecurse C:/Proyecto_TFG/TFG/prj/Proyecto_TFG_V2/Proyecto_TFG_V2/Serial_Communications_tb_behav.wcfg
set_property xsim.view C:/Proyecto_TFG/TFG/prj/Proyecto_TFG_V2/Proyecto_TFG_V2/Serial_Communications_tb_behav.wcfg [get_filesets sim_1]
relaunch_sim
relaunch_sim
relaunch_sim
relaunch_sim
relaunch_sim
relaunch_sim
save_wave_config {C:/Proyecto_TFG/TFG/prj/Proyecto_TFG_V2/Proyecto_TFG_V2/Serial_Communications_tb_behav.wcfg}
close_sim
launch_simulation
open_wave_config C:/Proyecto_TFG/TFG/prj/Proyecto_TFG_V2/Proyecto_TFG_V2/Serial_Communications_tb_behav.wcfg
source Serial_Communications_tb.tcl
close_sim
