#-----------------------------------------------------------
# Vivado v2022.2 (64-bit)
# SW Build 3671981 on Fri Oct 14 05:00:03 MDT 2022
# IP Build 3669848 on Fri Oct 14 08:30:02 MDT 2022
# Start of session at: Wed Mar  5 11:21:25 2025
# Process ID: 48596
# Current directory: C:/Proyecto_TFG/TFG/prj/Proyecto_TFG
# Command line: vivado.exe -gui_launcher_event rodinguilauncherevent47700 C:\Proyecto_TFG\TFG\prj\Proyecto_TFG\Proyecto_TFG.xpr
# Log file: C:/Proyecto_TFG/TFG/prj/Proyecto_TFG/vivado.log
# Journal file: C:/Proyecto_TFG/TFG/prj/Proyecto_TFG\vivado.jou
# Running On: DESKTOP-VKHET3S, OS: Windows, CPU Frequency: 2592 MHz, CPU Physical cores: 6, Host memory: 17086 MB
#-----------------------------------------------------------
start_gui
open_project C:/Proyecto_TFG/TFG/prj/Proyecto_TFG/Proyecto_TFG.xpr
update_compile_order -fileset sources_1
launch_simulation
source Serial_Communications_tb.tcl
close_sim
launch_simulation
source Serial_Communications_tb.tcl
close_sim
launch_simulation
source Serial_Communications_tb.tcl
close_sim
launch_simulation
source Serial_Communications_tb.tcl
set_property -name {xsim.simulate.runtime} -value {100us} -objects [get_filesets sim_1]
close_sim
launch_simulation
source Serial_Communications_tb.tcl
close_sim
launch_simulation
source Serial_Communications_tb.tcl
close_sim
launch_simulation
source Serial_Communications_tb.tcl
close_sim
launch_simulation
source Serial_Communications_tb.tcl
set_property -name {xsim.simulate.runtime} -value {50ps} -objects [get_filesets sim_1]
close_sim
launch_simulation
source Serial_Communications_tb.tcl
set_property -name {xsim.simulate.runtime} -value {50us} -objects [get_filesets sim_1]
close_sim
launch_simulation
source Serial_Communications_tb.tcl
close_sim
launch_simulation
source Serial_Communications_tb.tcl
close_sim
launch_simulation
source Serial_Communications_tb.tcl
close_sim
launch_simulation
source Serial_Communications_tb.tcl
close_sim
launch_simulation
source Serial_Communications_tb.tcl
close_sim
launch_simulation
source Serial_Communications_tb.tcl
close_sim
launch_simulation
source Serial_Communications_tb.tcl
close_sim
launch_simulation
source Serial_Communications_tb.tcl
close_sim
launch_simulation
source Serial_Communications_tb.tcl
close_sim
launch_simulation
source Serial_Communications_tb.tcl
close_sim
launch_simulation
source Serial_Communications_tb.tcl
close_sim
launch_simulation
source Serial_Communications_tb.tcl
close_sim
launch_simulation
source Serial_Communications_tb.tcl
restart
